=== GATE (f) bash scripts/check-fix-kinds-parity.sh ===
fix-kinds parity guard: OK
  FIX_KINDS        = ci_fix,codex_fix,qa_fix,review_fix,ship_fix,sync_fix  (6 locations in agreement)
  REWORK_FIX_KINDS = codex_fix,qa_fix,review_fix,ship_fix
  origin-key map   = ci_fix=ciTicketId,codex_fix=codexTicketId,qa_fix=qaTicketId,review_fix=gateTicketId,ship_fix=shipTicketId,sync_fix=ciTicketId  (3 locations in agreement)
  fix-contract.mjs = 3 byte-identical copies
  ticket-plan-validator.mjs = 4 byte-identical copies
EXIT=0

=== cmp lambda/orchestrator/fix-contract.mjs lambda/agentcore-hub-tickets/fix-contract.mjs ===
0

=== cmp lambda/orchestrator/fix-contract.mjs lambda/agentcore-hub-jira/fix-contract.mjs ===
0

=== sha256sum lambda/*/fix-contract.mjs lambda/*/ticket-plan-validator.mjs ===
a96a63a268b207b408ea734ad90aa380e5fa751e2cd76ba26dd392f2a359628e  lambda/agentcore-hub-jira/fix-contract.mjs
a96a63a268b207b408ea734ad90aa380e5fa751e2cd76ba26dd392f2a359628e  lambda/agentcore-hub-tickets/fix-contract.mjs
a96a63a268b207b408ea734ad90aa380e5fa751e2cd76ba26dd392f2a359628e  lambda/orchestrator/fix-contract.mjs
d2e38957b5d999b8740fa78047805c61227eb6c50d6de004675629b71f2a1e7a  lambda/agentcore-hub-jira/ticket-plan-validator.mjs
d2e38957b5d999b8740fa78047805c61227eb6c50d6de004675629b71f2a1e7a  lambda/agentcore-hub-tickets/ticket-plan-validator.mjs
d2e38957b5d999b8740fa78047805c61227eb6c50d6de004675629b71f2a1e7a  lambda/orchestrator/ticket-plan-validator.mjs
d2e38957b5d999b8740fa78047805c61227eb6c50d6de004675629b71f2a1e7a  lambda/workflow-output/ticket-plan-validator.mjs
SHA_EXIT=0
EXIT=0
