=== NOTE: playwright.config.ts has NO webServer block; npm test requires a server already on :3000.
=== Run conditions: 'npm run dev' started first; chromium installed via 'npx playwright install chromium'.


> agentcore-hub@1.0.0 test
> npx playwright test tests/tab-*.spec.ts tests/e2e-api-routes.spec.ts


Running 38 tests using 1 worker

  ✘   1 [chromium] › tests/e2e-api-routes.spec.ts:14:7 › E2E: API Routes › Agents API returns discovered agents (307ms)
  ✘   2 [chromium] › tests/e2e-api-routes.spec.ts:28:7 › E2E: API Routes › Agents API includes harness agents (161ms)
  ✓   3 [chromium] › tests/e2e-api-routes.spec.ts:36:7 › E2E: API Routes › Payload format API - get default (153ms)
  ✓   4 [chromium] › tests/e2e-api-routes.spec.ts:43:7 › E2E: API Routes › Payload format API - set and retrieve (237ms)
  ✓   5 [chromium] › tests/e2e-api-routes.spec.ts:59:7 › E2E: API Routes › Payload format API - rejects invalid format (105ms)
  ✘   6 [chromium] › tests/e2e-api-routes.spec.ts:66:7 › E2E: API Routes › Metrics API returns usage data (153ms)
  ✓   7 [chromium] › tests/tab-agents.spec.ts:8:7 › Agents Tab › renders agents page (3.6s)
  ✘   8 [chromium] › tests/tab-agents.spec.ts:15:7 › Agents Tab › shows agent cards when discovery completes (27.7s)
  -   9 [chromium] › tests/tab-agents.spec.ts:32:7 › Agents Tab › agent card is clickable
  -  10 [chromium] › tests/tab-agents.spec.ts:44:7 › Agents Tab › agent detail page shows chat interface
  ✓  11 [chromium] › tests/tab-build.spec.ts:8:7 › Build Tab › renders builder chat interface (6.7s)
  ✓  12 [chromium] › tests/tab-build.spec.ts:12:7 › Build Tab › shows harness mode indicator (1.1s)
  ✓  13 [chromium] › tests/tab-build.spec.ts:16:7 › Build Tab › description input is visible and accepts text (1.1s)
  ✓  14 [chromium] › tests/tab-build.spec.ts:23:7 › Build Tab › submit button is visible and enabled after input (1.1s)
  ✓  15 [chromium] › tests/tab-build.spec.ts:31:7 › Build Tab › deploy button is present (1.1s)
  ✓  16 [chromium] › tests/tab-build.spec.ts:35:7 › Build Tab › chat area is present for conversation (1.0s)
  ✓  17 [chromium] › tests/tab-dashboard.spec.ts:8:7 › Dashboard Tab › renders header with configured branding (1.7s)
  ✓  18 [chromium] › tests/tab-dashboard.spec.ts:16:7 › Dashboard Tab › shows all navigation items (3.8s)
  ✓  19 [chromium] › tests/tab-dashboard.spec.ts:24:7 › Dashboard Tab › displays agent activity metrics (962ms)
  ✘  20 [chromium] › tests/tab-dashboard.spec.ts:33:7 › Dashboard Tab › shows agent performance table with live data (6.2s)
  ✓  21 [chromium] › tests/tab-dashboard.spec.ts:41:7 › Dashboard Tab › region selector shows us-east-1 (1.0s)
  ✓  22 [chromium] › tests/tab-dashboard.spec.ts:45:7 › Dashboard Tab › sidebar collapse/expand works (1.2s)
  ✓  23 [chromium] › tests/tab-tickets.spec.ts:8:7 › Ticket History Tab › renders ticket history page (2.0s)
  ✓  24 [chromium] › tests/tab-tickets.spec.ts:15:7 › Ticket History Tab › shows ticket table or list (5.1s)
  ✓  25 [chromium] › tests/tab-tickets.spec.ts:24:7 › Ticket History Tab › ticket entries show status information (3.8s)
  ✓  26 [chromium] › tests/tab-tickets.spec.ts:34:7 › Ticket History Tab › page responds to search or filter if available (843ms)
  ✓  27 [chromium] › tests/tab-workflow.spec.ts:38:7 › Workflow Page — basics › page loads with sidebar and main area (6.9s)
  ✘  28 [chromium] › tests/tab-workflow.spec.ts:45:7 › Workflow Page — basics › workflow list loads from API (1.5s)
  ✓  29 [chromium] › tests/tab-workflow.spec.ts:54:7 › Workflow Page — basics › history sidebar toggle works (2.6s)
  ✓  30 [chromium] › tests/tab-workflow.spec.ts:90:7 › Workflow Page — intake form › clicking new opens intake form with all fields (3.1s)
  ✓  31 [chromium] › tests/tab-workflow.spec.ts:105:7 › Workflow Page — intake form › intake form accepts input and shows model selector (3.7s)
  -  32 [chromium] › tests/tab-workflow.spec.ts:149:7 › Workflow Page — selected workflow interactions › status header reflects phase
  -  33 [chromium] › tests/tab-workflow.spec.ts:157:7 › Workflow Page — selected workflow interactions › five phase boxes render
  -  34 [chromium] › tests/tab-workflow.spec.ts:163:7 › Workflow Page — selected workflow interactions › agent item click expands AgentOutputPanel
  -  35 [chromium] › tests/tab-workflow.spec.ts:182:7 › Workflow Page — selected workflow interactions › ticket pill click opens TicketDetailModal
  -  36 [chromium] › tests/tab-workflow.spec.ts:201:7 › Workflow Page — selected workflow interactions › S3 output click opens S3ArtifactsModal
workflow/start failed: 500 {"error":"Jira Cloud provider requires JIRA_SITE_URL, JIRA_EMAIL, JIRA_API_TOKEN, and JIRA_PROJECT_KEY environment variables."}
  ✘  37 [chromium] › tests/tab-workflow.spec.ts:220:7 › Workflow Page — cancel flow › cancel button + modal flow on a fresh workflow (2.5s)
  -  38 [chromium] › tests/tab-workflow.spec.ts:287:7 › Workflow Page — replay scrubber › scrubber controls render for completed workflow with events


  1) [chromium] › tests/e2e-api-routes.spec.ts:14:7 › E2E: API Routes › Agents API returns discovered agents 

    Error: [2mexpect([22m[31mreceived[39m[2m).[22mtoBeGreaterThan[2m([22m[32mexpected[39m[2m)[22m

    Expected: > [32m0[39m
    Received:   [31m0[39m

      17 |     const agents = await res.json();
      18 |     expect(Array.isArray(agents)).toBe(true);
    > 19 |     expect(agents.length).toBeGreaterThan(0);
         |                           ^
      20 |
      21 |     // Each agent should have required fields
      22 |     const first = agents[0];
        at /mnt/efs/sessions/cc-6a97fb669da54ea2a10d5bcd0eea493b/tycenjmccann-agentcore-hub/tests/e2e-api-routes.spec.ts:19:27

    Error Context: test-results/e2e-api-routes-E2E-API-Rou-52b93-I-returns-discovered-agents-chromium/error-context.md

  2) [chromium] › tests/e2e-api-routes.spec.ts:28:7 › E2E: API Routes › Agents API includes harness agents 

    Error: [2mexpect([22m[31mreceived[39m[2m).[22mtoBeTruthy[2m()[22m

    Received: [31mundefined[39m

      30 |     const agents = await res.json();
      31 |     const harness = agents.find((a: { type: string }) => a.type === "harness");
    > 32 |     expect(harness).toBeTruthy();
         |                     ^
      33 |     expect(harness.name).toBeTruthy();
      34 |   });
      35 |
        at /mnt/efs/sessions/cc-6a97fb669da54ea2a10d5bcd0eea493b/tycenjmccann-agentcore-hub/tests/e2e-api-routes.spec.ts:32:21

    Error Context: test-results/e2e-api-routes-E2E-API-Rou-db996-API-includes-harness-agents-chromium/error-context.md

  3) [chromium] › tests/e2e-api-routes.spec.ts:66:7 › E2E: API Routes › Metrics API returns usage data 

    Error: [2mexpect([22m[31mreceived[39m[2m).[22mtoBe[2m([22m[32mexpected[39m[2m) // Object.is equality[22m

    Expected: [32m200[39m
    Received: [31m500[39m

      70 |     test.setTimeout(90_000);
      71 |     const res = await request.get("/api/agentcore/metrics", { timeout: 80_000 });
    > 72 |     expect(res.status()).toBe(200);
         |                          ^
      73 |     const data = await res.json();
      74 |     expect(data).toHaveProperty("usage");
      75 |     expect(data.usage).toHaveProperty("totalInvocations");
        at /mnt/efs/sessions/cc-6a97fb669da54ea2a10d5bcd0eea493b/tycenjmccann-agentcore-hub/tests/e2e-api-routes.spec.ts:72:26

    Error Context: test-results/e2e-api-routes-E2E-API-Routes-Metrics-API-returns-usage-data-chromium/error-context.md

  4) [chromium] › tests/tab-agents.spec.ts:15:7 › Agents Tab › shows agent cards when discovery completes 

    Error: [2mexpect([22m[31mlocator[39m[2m).[22mtoBeVisible[2m([22m[2m)[22m failed

    Locator: getByText('Discovering agents...')
    Expected: visible
    Timeout: 5000ms
    Error: element(s) not found

    Call log:
    [2m  - Expect "toBeVisible" with timeout 5000ms[22m
    [2m  - waiting for getByText('Discovering agents...')[22m


      25 |     } catch {
      26 |       // If discovery doesn't complete, verify the loading state is shown
    > 27 |       await expect(page.getByText("Discovering agents...")).toBeVisible();
         |                                                             ^
      28 |       test.skip(true, "Agent discovery did not complete - AWS connectivity issue");
      29 |     }
      30 |   });
        at /mnt/efs/sessions/cc-6a97fb669da54ea2a10d5bcd0eea493b/tycenjmccann-agentcore-hub/tests/tab-agents.spec.ts:27:61

    attachment #1: screenshot (image/png) ──────────────────────────────────────────────────────────
    test-results/tab-agents-Agents-Tab-show-dbad3-ds-when-discovery-completes-chromium/test-failed-1.png
    ────────────────────────────────────────────────────────────────────────────────────────────────

    Error Context: test-results/tab-agents-Agents-Tab-show-dbad3-ds-when-discovery-completes-chromium/error-context.md

  5) [chromium] › tests/tab-dashboard.spec.ts:33:7 › Dashboard Tab › shows agent performance table with live data 

    Error: [2mexpect([22m[31mlocator[39m[2m).[22mtoBeVisible[2m([22m[2m)[22m failed

    Locator: locator('table')
    Expected: visible
    Timeout: 5000ms
    Error: element(s) not found

    Call log:
    [2m  - Expect "toBeVisible" with timeout 5000ms[22m
    [2m  - waiting for locator('table')[22m


      35 |     // Wait for agents to load
      36 |     await expect(page.getByText("Discovering agents...")).not.toBeVisible({ timeout: 30000 });
    > 37 |     await expect(page.locator("table")).toBeVisible();
         |                                         ^
      38 |     await expect(page.locator("table tbody tr").first()).toBeVisible();
      39 |   });
      40 |
        at /mnt/efs/sessions/cc-6a97fb669da54ea2a10d5bcd0eea493b/tycenjmccann-agentcore-hub/tests/tab-dashboard.spec.ts:37:41

    attachment #1: screenshot (image/png) ──────────────────────────────────────────────────────────
    test-results/tab-dashboard-Dashboard-Ta-a0a66-rmance-table-with-live-data-chromium/test-failed-1.png
    ────────────────────────────────────────────────────────────────────────────────────────────────

    Error Context: test-results/tab-dashboard-Dashboard-Ta-a0a66-rmance-table-with-live-data-chromium/error-context.md

  6) [chromium] › tests/tab-workflow.spec.ts:45:7 › Workflow Page — basics › workflow list loads from API 

    Error: [2mexpect([22m[31mreceived[39m[2m).[22mtoBeTruthy[2m()[22m

    Received: [31mfalse[39m

      46 |     await page.goto("/workflow");
      47 |     const listRes = await page.request.get("/api/workflow/list");
    > 48 |     expect(listRes.ok()).toBeTruthy();
         |                          ^
      49 |     const data = await listRes.json();
      50 |     expect(Array.isArray(data.workflows)).toBeTruthy();
      51 |     console.log(`Workflow list returned ${data.workflows.length} items`);
        at /mnt/efs/sessions/cc-6a97fb669da54ea2a10d5bcd0eea493b/tycenjmccann-agentcore-hub/tests/tab-workflow.spec.ts:48:26

    attachment #1: screenshot (image/png) ──────────────────────────────────────────────────────────
    test-results/tab-workflow-Workflow-Page-d27f9-orkflow-list-loads-from-API-chromium/test-failed-1.png
    ────────────────────────────────────────────────────────────────────────────────────────────────

    Error Context: test-results/tab-workflow-Workflow-Page-d27f9-orkflow-list-loads-from-API-chromium/error-context.md

  7) [chromium] › tests/tab-workflow.spec.ts:220:7 › Workflow Page — cancel flow › cancel button + modal flow on a fresh workflow 

    Error: [2mexpect([22m[31mreceived[39m[2m).[22mtoBeTruthy[2m()[22m

    Received: [31mfalse[39m

      234 |       console.log(`workflow/start failed: ${startRes.status()} ${await startRes.text().catch(() => "")}`);
      235 |     }
    > 236 |     expect(startRes.ok()).toBeTruthy();
          |                           ^
      237 |     const { workflowId } = await startRes.json();
      238 |     expect(workflowId).toBeTruthy();
      239 |     console.log(`Created throwaway workflow ${workflowId}`);
        at /mnt/efs/sessions/cc-6a97fb669da54ea2a10d5bcd0eea493b/tycenjmccann-agentcore-hub/tests/tab-workflow.spec.ts:236:27

    attachment #1: screenshot (image/png) ──────────────────────────────────────────────────────────
    test-results/tab-workflow-Workflow-Page-57f66-al-flow-on-a-fresh-workflow-chromium/test-failed-1.png
    ────────────────────────────────────────────────────────────────────────────────────────────────

    Error Context: test-results/tab-workflow-Workflow-Page-57f66-al-flow-on-a-fresh-workflow-chromium/error-context.md

  7 failed
    [chromium] › tests/e2e-api-routes.spec.ts:14:7 › E2E: API Routes › Agents API returns discovered agents 
    [chromium] › tests/e2e-api-routes.spec.ts:28:7 › E2E: API Routes › Agents API includes harness agents 
    [chromium] › tests/e2e-api-routes.spec.ts:66:7 › E2E: API Routes › Metrics API returns usage data 
    [chromium] › tests/tab-agents.spec.ts:15:7 › Agents Tab › shows agent cards when discovery completes 
    [chromium] › tests/tab-dashboard.spec.ts:33:7 › Dashboard Tab › shows agent performance table with live data 
    [chromium] › tests/tab-workflow.spec.ts:45:7 › Workflow Page — basics › workflow list loads from API 
    [chromium] › tests/tab-workflow.spec.ts:220:7 › Workflow Page — cancel flow › cancel button + modal flow on a fresh workflow 
  8 skipped
  23 passed (2.4m)
EXIT=1
